../Core/Src/can.c:39:6:MX_CAN_Init	8	static
../Core/Src/can.c:83:6:HAL_CAN_MspInit	40	static
../Core/Src/can.c:151:6:HAL_CAN_MspDeInit	16	static
../Core/Src/can.c:192:9:CAN_Init	24	static
../Core/Src/can.c:203:10:CAN_Config_Filtering	64	static
../Core/Src/can.c:230:9:CAN_Send_Test	16	static
../Core/Src/can.c:266:9:CAN_Send_Bytes	32	static
../Core/Src/can.c:293:19:CAN_Receive_Bytes	56	static
../Core/Src/can.c:314:6:HAL_CAN_RxFifo0FullCallback	16	static
../Core/Src/can.c:335:6:HAL_CAN_RxFifo1FullCallback	16	static
../Core/Src/can.c:357:6:HAL_CAN_RxFifo1MsgPendingCallback	16	static
../Core/Src/can.c:362:6:HAL_CAN_RxFifo0MsgPendingCallback	16	static
